// Jest Snapshot v1, https://goo.gl/fbAQLP

exports[`<AppHeader /> should render without crashing 1`] = `
{
  "asFragment": [Function],
  "baseElement": <body>
    <div>
      <header
        class="src-components-AppHeader-header-clJtYMJoEg"
      >
        <div
          class="src-components-AppHeader-logoContainer-Yt98Wbcj1d"
        >
          <img
            alt=""
            class="src-components-AppHeader-logo-QJXOYcsaio"
            src="https://cdn.discordapp.com/avatars/313842639084584971/6cd4851ad3f0e86d346ca7132c24a032.webp?size=160"
          />
        </div>
        <ul
          class="src-components-AppHeader-Navigation-container-b3QpzcsypF"
        >
          <li>
            <a
              class="src-components-AppHeader-Navigation-link-ZkbHIOIacv"
              href="javascript:void(0)"
            >
              Dashboard
            </a>
          </li>
          <li>
            <a
              class="src-components-AppHeader-Navigation-link-ZkbHIOIacv"
              href="javascript:void(0)"
            >
              Shop
            </a>
          </li>
          <li>
            <a
              class="src-components-AppHeader-Navigation-link-ZkbHIOIacv"
              href="javascript:void(0)"
            >
              About Us
            </a>
          </li>
        </ul>
        <div>
          menu.icon
        </div>
      </header>
    </div>
  </body>,
  "container": <div>
    <header
      class="src-components-AppHeader-header-clJtYMJoEg"
    >
      <div
        class="src-components-AppHeader-logoContainer-Yt98Wbcj1d"
      >
        <img
          alt=""
          class="src-components-AppHeader-logo-QJXOYcsaio"
          src="https://cdn.discordapp.com/avatars/313842639084584971/6cd4851ad3f0e86d346ca7132c24a032.webp?size=160"
        />
      </div>
      <ul
        class="src-components-AppHeader-Navigation-container-b3QpzcsypF"
      >
        <li>
          <a
            class="src-components-AppHeader-Navigation-link-ZkbHIOIacv"
            href="javascript:void(0)"
          >
            Dashboard
          </a>
        </li>
        <li>
          <a
            class="src-components-AppHeader-Navigation-link-ZkbHIOIacv"
            href="javascript:void(0)"
          >
            Shop
          </a>
        </li>
        <li>
          <a
            class="src-components-AppHeader-Navigation-link-ZkbHIOIacv"
            href="javascript:void(0)"
          >
            About Us
          </a>
        </li>
      </ul>
      <div>
        menu.icon
      </div>
    </header>
  </div>,
  "debug": [Function],
  "findAllByAltText": [Function],
  "findAllByDisplayValue": [Function],
  "findAllByLabelText": [Function],
  "findAllByPlaceholderText": [Function],
  "findAllByRole": [Function],
  "findAllByTestId": [Function],
  "findAllByText": [Function],
  "findAllByTitle": [Function],
  "findByAltText": [Function],
  "findByDisplayValue": [Function],
  "findByLabelText": [Function],
  "findByPlaceholderText": [Function],
  "findByRole": [Function],
  "findByTestId": [Function],
  "findByText": [Function],
  "findByTitle": [Function],
  "getAllByAltText": [Function],
  "getAllByDisplayValue": [Function],
  "getAllByLabelText": [Function],
  "getAllByPlaceholderText": [Function],
  "getAllByRole": [Function],
  "getAllByTestId": [Function],
  "getAllByText": [Function],
  "getAllByTitle": [Function],
  "getByAltText": [Function],
  "getByDisplayValue": [Function],
  "getByLabelText": [Function],
  "getByPlaceholderText": [Function],
  "getByRole": [Function],
  "getByTestId": [Function],
  "getByText": [Function],
  "getByTitle": [Function],
  "queryAllByAltText": [Function],
  "queryAllByDisplayValue": [Function],
  "queryAllByLabelText": [Function],
  "queryAllByPlaceholderText": [Function],
  "queryAllByRole": [Function],
  "queryAllByTestId": [Function],
  "queryAllByText": [Function],
  "queryAllByTitle": [Function],
  "queryByAltText": [Function],
  "queryByDisplayValue": [Function],
  "queryByLabelText": [Function],
  "queryByPlaceholderText": [Function],
  "queryByRole": [Function],
  "queryByTestId": [Function],
  "queryByText": [Function],
  "queryByTitle": [Function],
  "rerender": [Function],
  "unmount": [Function],
}
`;
